// Jest Snapshot v1, https://goo.gl/fbAQLP

exports[`renders 1`] = `
"query currentPerson {
  currentPerson {
    fullName
    githubAuth
    id
  }
}
"
`;

exports[`renders 2`] = `
<DocumentFragment>
  <div
    class="flex justify-center"
  >
    <div
      class="max-w-sm rounded overflow-hidden shadow-lg px-12"
    >
      <div
        class="p-6"
      >
        <div
          class="font-bold text-xl mb-2"
        >
          Login
        </div>
        <div
          class="text-gray-700 text-base"
        >
          <form
            class="bg-white pt-6 pb-8 mb-4"
          >
            <div
              class="mb-6"
            >
              <div
                class="mb-4"
              >
                <label
                  class="block text-gray-700 text-sm font-bold mb-2"
                  for="email"
                >
                  Email
                </label>
                <input
                  class="appearance-none border leading-tight py-2 px-3 rounded shadow text-gray-700 w-full focus:outline-none focus:shadow-outline"
                  id="email"
                  value=""
                />
              </div>
              <div
                class="mb-4"
              >
                <label
                  class="block text-gray-700 text-sm font-bold mb-2"
                  for="password"
                >
                  Password
                </label>
                <input
                  class="appearance-none border leading-tight py-2 px-3 rounded shadow text-gray-700 w-full focus:outline-none focus:shadow-outline"
                  id="password"
                  type="password"
                  value=""
                />
              </div>
            </div>
            <div
              class="flex items-center justify-between"
            >
              <button
                class="bg-blue-500 hover:bg-blue-700 text-white py-2 px-4 rounded focus:outline-none focus:shadow-outline"
                type="submit"
              >
                Sign In
              </button>
            </div>
          </form>
          <a
            class="cursor-pointer font-bold inline-block align-baseline text-sm text-blue-700 hover:text-blue-900"
            color="gray"
          >
            Register
          </a>
        </div>
      </div>
      <div
        class="px-6 py-4"
      />
    </div>
  </div>
</DocumentFragment>
`;

exports[`renders error 1`] = `
<DocumentFragment>
  <div>
    Error: 
  </div>
</DocumentFragment>
`;
